// Jest Snapshot v1, https://goo.gl/fbAQLP

exports[`<Icon /> mounts my component properly 1`] = `
<Icon
  name="leftArrow"
  onClick={[Function]}
  width="25"
>
  <styled.svg
    onClick={[Function]}
    viewBox="0 0 50 50"
    width="25"
    xmlns="http://www.w3.org/2000/svg"
  >
    <svg
      className="sc-bdVaJa dhcYXN"
      onClick={[Function]}
      viewBox="0 0 50 50"
      width="25"
      xmlns="http://www.w3.org/2000/svg"
    >
      <path
        d="M 19.8125 13.09375 A 1.0001 1.0001 0 0 0 19.25 13.40625 L 8.34375 24.28125 L 7.65625 25 L 8.34375 25.71875 L 19.25 36.59375 A 1.0001 1.0001 0 1 0 20.65625 35.1875 L 11.46875 26 L 41 26 A 1.0001 1.0001 0 1 0 41 24 L 11.46875 24 L 20.65625 14.8125 A 1.0001 1.0001 0 0 0 19.8125 13.09375 z"
      />
    </svg>
  </styled.svg>
</Icon>
`;
